// Vitest Snapshot v1, https://vitest.dev/guide/snapshot.html

exports[`Footer > default snapshot 1`] = `
<DocumentFragment>
  <footer>
    <div
      class="site-logo-container"
    >
      <img
        alt="ryan r. campbell logo"
        src="/favicon-2024-ryan-r-campbell.png"
      />
    </div>
    <span>
      Â© 2012 - 2024 Ryan R. Campbell
    </span>
  </footer>
</DocumentFragment>
`;
