// Vitest Snapshot v1, https://vitest.dev/guide/snapshot.html

exports[`HamburgerMenu > default snapshot 1`] = `
<DocumentFragment>
  <div
    class="Hamburger-menu "
    data-testid="menu"
  >
    <button
      class="theme-toggle-button"
    >
      <svg
        id="hamburger-icon"
        version="1.1"
        viewBox="0 0 24 24"
        xmlns="http://www.w3.org/2000/svg"
        xmlns:xlink="http://www.w3.org/1999/xlink"
      >
        <title>
          Menu
        </title>
        <g
          fill="none"
          fill-rule="evenodd"
          id="Page-1"
          stroke="none"
          stroke-width="1"
        >
          <g
            id="Menu"
          >
            <rect
              fill-rule="nonzero"
              height="24"
              id="Rectangle"
              width="24"
              x="0"
              y="0"
            />
            <line
              id="Path"
              stroke-linecap="round"
              stroke-width="1.5"
              x1="5"
              x2="19"
              y1="7"
              y2="7"
            />
            <line
              id="Path"
              stroke-linecap="round"
              stroke-width="1.5"
              x1="5"
              x2="19"
              y1="17"
              y2="17"
            />
            <line
              id="Path"
              stroke-linecap="round"
              stroke-width="1.5"
              x1="5"
              x2="19"
              y1="12"
              y2="12"
            />
          </g>
        </g>
      </svg>
    </button>
    <div
      class="menu-content"
    >
      <div
        class="icon-container"
      >
        <button
          data-testid="close-button"
        >
          <svg
            viewBox="0 0 24 24"
            xmlns="http://www.w3.org/2000/svg"
          >
            <path
              d="M20.7457 3.32851C20.3552 2.93798 19.722 2.93798 19.3315 3.32851L12.0371 10.6229L4.74275 3.32851C4.35223 2.93798 3.71906 2.93798 3.32854 3.32851C2.93801 3.71903 2.93801 4.3522 3.32854 4.74272L10.6229 12.0371L3.32856 19.3314C2.93803 19.722 2.93803 20.3551 3.32856 20.7457C3.71908 21.1362 4.35225 21.1362 4.74277 20.7457L12.0371 13.4513L19.3315 20.7457C19.722 21.1362 20.3552 21.1362 20.7457 20.7457C21.1362 20.3551 21.1362 19.722 20.7457 19.3315L13.4513 12.0371L20.7457 4.74272C21.1362 4.3522 21.1362 3.71903 20.7457 3.32851Z"
              stroke-width="0.5"
            />
          </svg>
        </button>
      </div>
      <div
        class="link-container"
      >
        <a
          class="hamburger-link active"
          href="/"
        >
          home
        </a>
        <a
          class="hamburger-link"
          href="/about"
        >
          about
        </a>
        <a
          class="hamburger-link"
          href="/blog"
        >
          blog
        </a>
        <a
          class="hamburger-link"
          href="/author"
        >
          author hub
        </a>
        <a
          class="hamburger-link"
          href="/tech"
        >
          tech hub
        </a>
        <a
          class="hamburger-link"
          href="/podcasts"
        >
          podcasts
        </a>
      </div>
    </div>
  </div>
</DocumentFragment>
`;
