// Vitest Snapshot v1, https://vitest.dev/guide/snapshot.html

exports[`Loading > default snapshot 1`] = `
{
  "asFragment": [Function],
  "baseElement": <body>
    <div>
      <div
        class="Loading"
      >
        <div
          class="loader-content"
        >
          <svg
            fill="none"
            height="45px"
            id="microphone-svg"
            viewBox="0 0 24 24"
            width="45px"
            xmlns="http://www.w3.org/2000/svg"
          >
            <path
              d="M19 10V12C19 15.866 15.866 19 12 19M5 10V12C5 15.866 8.13401 19 12 19M12 19V22M8 22H16M15 6H13M15 10H13M12 15C10.3431 15 9 13.6569 9 12V5C9 3.34315 10.3431 2 12 2C13.6569 2 15 3.34315 15 5V12C15 13.6569 13.6569 15 12 15Z"
              stroke="#000000"
              stroke-linecap="round"
              stroke-linejoin="round"
              stroke-width="2"
            />
          </svg>
          <p>
            loading...
          </p>
        </div>
      </div>
    </div>
  </body>,
  "container": <div>
    <div
      class="Loading"
    >
      <div
        class="loader-content"
      >
        <svg
          fill="none"
          height="45px"
          id="microphone-svg"
          viewBox="0 0 24 24"
          width="45px"
          xmlns="http://www.w3.org/2000/svg"
        >
          <path
            d="M19 10V12C19 15.866 15.866 19 12 19M5 10V12C5 15.866 8.13401 19 12 19M12 19V22M8 22H16M15 6H13M15 10H13M12 15C10.3431 15 9 13.6569 9 12V5C9 3.34315 10.3431 2 12 2C13.6569 2 15 3.34315 15 5V12C15 13.6569 13.6569 15 12 15Z"
            stroke="#000000"
            stroke-linecap="round"
            stroke-linejoin="round"
            stroke-width="2"
          />
        </svg>
        <p>
          loading...
        </p>
      </div>
    </div>
  </div>,
  "debug": [Function],
  "findAllByAltText": [Function],
  "findAllByDisplayValue": [Function],
  "findAllByLabelText": [Function],
  "findAllByPlaceholderText": [Function],
  "findAllByRole": [Function],
  "findAllByTestId": [Function],
  "findAllByText": [Function],
  "findAllByTitle": [Function],
  "findByAltText": [Function],
  "findByDisplayValue": [Function],
  "findByLabelText": [Function],
  "findByPlaceholderText": [Function],
  "findByRole": [Function],
  "findByTestId": [Function],
  "findByText": [Function],
  "findByTitle": [Function],
  "getAllByAltText": [Function],
  "getAllByDisplayValue": [Function],
  "getAllByLabelText": [Function],
  "getAllByPlaceholderText": [Function],
  "getAllByRole": [Function],
  "getAllByTestId": [Function],
  "getAllByText": [Function],
  "getAllByTitle": [Function],
  "getByAltText": [Function],
  "getByDisplayValue": [Function],
  "getByLabelText": [Function],
  "getByPlaceholderText": [Function],
  "getByRole": [Function],
  "getByTestId": [Function],
  "getByText": [Function],
  "getByTitle": [Function],
  "queryAllByAltText": [Function],
  "queryAllByDisplayValue": [Function],
  "queryAllByLabelText": [Function],
  "queryAllByPlaceholderText": [Function],
  "queryAllByRole": [Function],
  "queryAllByTestId": [Function],
  "queryAllByText": [Function],
  "queryAllByTitle": [Function],
  "queryByAltText": [Function],
  "queryByDisplayValue": [Function],
  "queryByLabelText": [Function],
  "queryByPlaceholderText": [Function],
  "queryByRole": [Function],
  "queryByTestId": [Function],
  "queryByText": [Function],
  "queryByTitle": [Function],
  "rerender": [Function],
  "unmount": [Function],
}
`;
