// Vitest Snapshot v1, https://vitest.dev/guide/snapshot.html

exports[`NotFound > default snapshot 1`] = `
{
  "asFragment": [Function],
  "baseElement": <body>
    <div>
      <div
        class="NotFound"
      >
        <div
          class="about-row section-wrapper"
        >
          <div>
            <svg
              class="about-img"
              id="robot-svg"
              viewBox="0 0 256 256"
              xmlns="http://www.w3.org/2000/svg"
            >
              <path
                d="M200,48H136V16a8,8,0,0,0-16,0V48H56A32.03635,32.03635,0,0,0,24,80V192a32.03635,32.03635,0,0,0,32,32H200a32.03635,32.03635,0,0,0,32-32V80A32.03635,32.03635,0,0,0,200,48ZM72,108a12,12,0,1,1,12,12A12,12,0,0,1,72,108Zm28,76H92a16,16,0,0,1,0-32h8Zm40,0H116V152h24Zm24,0h-8V152h8a16,16,0,0,1,0,32Zm8-64a12,12,0,1,1,12-12A12,12,0,0,1,172,120Z"
              />
            </svg>
          </div>
          <div
            class="about-description"
          >
            <h2>
              page
               not found
            </h2>
            <p>
              I couldn't find the 
              page
               you were looking for. It might have been moved or relocated as part of a recent site migration.
            </p>
            <a
              href="/"
            >
              return to the homepage here.
            </a>
          </div>
        </div>
      </div>
    </div>
  </body>,
  "container": <div>
    <div
      class="NotFound"
    >
      <div
        class="about-row section-wrapper"
      >
        <div>
          <svg
            class="about-img"
            id="robot-svg"
            viewBox="0 0 256 256"
            xmlns="http://www.w3.org/2000/svg"
          >
            <path
              d="M200,48H136V16a8,8,0,0,0-16,0V48H56A32.03635,32.03635,0,0,0,24,80V192a32.03635,32.03635,0,0,0,32,32H200a32.03635,32.03635,0,0,0,32-32V80A32.03635,32.03635,0,0,0,200,48ZM72,108a12,12,0,1,1,12,12A12,12,0,0,1,72,108Zm28,76H92a16,16,0,0,1,0-32h8Zm40,0H116V152h24Zm24,0h-8V152h8a16,16,0,0,1,0,32Zm8-64a12,12,0,1,1,12-12A12,12,0,0,1,172,120Z"
            />
          </svg>
        </div>
        <div
          class="about-description"
        >
          <h2>
            page
             not found
          </h2>
          <p>
            I couldn't find the 
            page
             you were looking for. It might have been moved or relocated as part of a recent site migration.
          </p>
          <a
            href="/"
          >
            return to the homepage here.
          </a>
        </div>
      </div>
    </div>
  </div>,
  "debug": [Function],
  "findAllByAltText": [Function],
  "findAllByDisplayValue": [Function],
  "findAllByLabelText": [Function],
  "findAllByPlaceholderText": [Function],
  "findAllByRole": [Function],
  "findAllByTestId": [Function],
  "findAllByText": [Function],
  "findAllByTitle": [Function],
  "findByAltText": [Function],
  "findByDisplayValue": [Function],
  "findByLabelText": [Function],
  "findByPlaceholderText": [Function],
  "findByRole": [Function],
  "findByTestId": [Function],
  "findByText": [Function],
  "findByTitle": [Function],
  "getAllByAltText": [Function],
  "getAllByDisplayValue": [Function],
  "getAllByLabelText": [Function],
  "getAllByPlaceholderText": [Function],
  "getAllByRole": [Function],
  "getAllByTestId": [Function],
  "getAllByText": [Function],
  "getAllByTitle": [Function],
  "getByAltText": [Function],
  "getByDisplayValue": [Function],
  "getByLabelText": [Function],
  "getByPlaceholderText": [Function],
  "getByRole": [Function],
  "getByTestId": [Function],
  "getByText": [Function],
  "getByTitle": [Function],
  "queryAllByAltText": [Function],
  "queryAllByDisplayValue": [Function],
  "queryAllByLabelText": [Function],
  "queryAllByPlaceholderText": [Function],
  "queryAllByRole": [Function],
  "queryAllByTestId": [Function],
  "queryAllByText": [Function],
  "queryAllByTitle": [Function],
  "queryByAltText": [Function],
  "queryByDisplayValue": [Function],
  "queryByLabelText": [Function],
  "queryByPlaceholderText": [Function],
  "queryByRole": [Function],
  "queryByTestId": [Function],
  "queryByText": [Function],
  "queryByTitle": [Function],
  "rerender": [Function],
  "unmount": [Function],
}
`;
